Microchip MPLAB XC8 Compiler V2.41

Linker command line:

--edf=C:\Program Files\Microchip\xc8\v2.41\pic\dat\20230208172133_en.msgs \
  -cn -h+dist/default/production\Stroboscope.X.production.sym \
  --cmf=dist/default/production\Stroboscope.X.production.cmf -z -w9 \
  --disl=596:off --norlf -Q16F616 \
  -oC:\Users\Umair\AppData\Local\Temp\xcAsuuo.\driver_tmp_3.obj \
  -Mdist/default/production/Stroboscope.X.production.map \
  --md=C:\Users\Umair\AppData\Local\Temp\xcAsuuo.\driver_tmp_0.dat -E1 \
  -ver=XC8 Compiler -ACODE=00h-07FFh -ASTRCODE=00h-07FFh \
  -ASTRING=00h-0FFhx8 -ACONST=00h-0FFhx8 -AENTRY=00h-0FFhx8 \
  -ACOMMON=070h-07Fh -ABANK0=020h-06Fh -ABANK1=0A0h-0BFh \
  -ARAM=020h-06Fh,0A0h-0BFh -AABS1=020h-07Fh,0A0h-0BFh -ASFR0=00h-01Fh \
  -ASFR1=080h-09Fh -ACONFIG=02007h-02007h -DCONFIG=2 -AIDLOC=02000h-02003h \
  -DIDLOC=2 -DCODE=2 -DSTRCODE=2 -DSTRING=2 -DCONST=2 -DENTRY=2 \
  -preset_vec=00h,intentry=04h,init,end_init -ppowerup=CODE -pcinit=CODE \
  -pfunctab=ENTRY -k \
  C:\Users\Umair\AppData\Local\Temp\xcAsuuo.\driver_tmp_9.obj \
  dist/default/production\Stroboscope.X.production.obj 

Object code version is 3.11

Machine type is 16F616



                Name                               Link     Load   Length Selector   Space Scale
C:\Users\Umair\AppData\Local\Temp\xcAsuuo.\driver_tmp_9.obj
                end_init                              A        A        2        8       0
                reset_vec                             0        0        1        0       0
                config                             2007     2007        1        0       4
dist/default/production\Stroboscope.X.production.obj
                cinit                                 C        C        E        8       0
                intentry                              4        4        6        8       0
                config                             2007     2007        1        0       4
                text22                              7BB      7BB       20        8       0
                text21                              554      554       58        8       0
                text20                              699      699       48        8       0
                text19                                0        0       14        0       0
                text18                              385      385       8D        8       0
                text17                              723      723       2D        8       0
                text16                              7DB      7DB       1F        8       0
                text15                              489      489       6C        8       0
                text14                               14       14       10        0       0
                text13                              79A      79A       21        8       0
                text12                              4F5      4F5       5F        8       0
                text11                              603      603       4C        8       0
                text10                              7FA      7FA        5        8       0
                text9                               64F      64F       4A        8       0
                text8                                24       24       1B        0       0
                text7                               1E9      1E9       F9        8       0
                text6                               2E2      2E2       A3        8       0
                text5                               412      412       77        8       0
                text4                               775      775       25        8       0
                text3                               6E1      6E1       42        8       0
                text2                               5AC      5AC       57        8       0
                text1                               750      750       25        8       0
                maintext                             1A       1A      1CF        8       0
                cstackBANK0                          20       20       4A       20       1
                cstackCOMMON                         70       70        B       70       1
                clrtext                              3F       3F        8        0       0
                bssBANK1                             A0       A0        E       A0       1
                dataBANK0                            6E       6E        1       20       1
                bssBANK0                             6A       6A        4       20       1
                bitbssCOMMON                        3D8       7B        3       70       1     8
                idataBANK0                          7FF      7FF        1        8       0

TOTAL           Name                               Link     Load   Length     Space
        CLASS   CODE           
                end_init                              A        A        2         0
                cinit                                 C        C        E         0
                intentry                              4        4        6         0
                reset_vec                             0        0        1         0
                text22                              7BB      7BB       20         0
                text21                              554      554       58         0
                text20                              699      699       48         0
                text19                                0        0       14         0
                text18                              385      385       8D         0
                text17                              723      723       2D         0
                text16                              7DB      7DB       1F         0
                text15                              489      489       6C         0
                text14                               14       14       10         0
                text13                              79A      79A       21         0
                text12                              4F5      4F5       5F         0
                text11                              603      603       4C         0
                text10                              7FA      7FA        5         0
                text9                               64F      64F       4A         0
                text8                                24       24       1B         0
                text7                               1E9      1E9       F9         0
                text6                               2E2      2E2       A3         0
                text5                               412      412       77         0
                text4                               775      775       25         0
                text3                               6E1      6E1       42         0
                text2                               5AC      5AC       57         0
                text1                               750      750       25         0
                maintext                             1A       1A      1CF         0
                clrtext                              3F       3F        8         0
                idataBANK0                          7FF      7FF        1         0

        CLASS   STRCODE        

        CLASS   STRING         

        CLASS   CONST          

        CLASS   ENTRY          

        CLASS   COMMON         
                cstackCOMMON                         70       70        B         1
                bitbssCOMMON                        3D8       7B        3         1

        CLASS   BANK0          
                cstackBANK0                          20       20       4A         1
                dataBANK0                            6E       6E        1         1
                bssBANK0                             6A       6A        4         1

        CLASS   BANK1          
                bssBANK1                             A0       A0        E         1

        CLASS   RAM            

        CLASS   ABS1           
                abs_s1                               7E       7E        2         1

        CLASS   SFR0           

        CLASS   SFR1           

        CLASS   CONFIG         
                config                             2007     2007        1         4

        CLASS   IDLOC          

        CLASS   STACK          

        CLASS   EEDATA         



SEGMENTS        Name                           Load    Length   Top    Selector   Space  Class     Delta

                reset_vec                      000000  000001  000001         0       0  CODE        2
                intentry                       000004  0007FC  000800         8       0  CODE        2
                cstackBANK0                    000020  00004F  00006F        20       1  BANK0       1
                cstackCOMMON                   000070  00000C  00007C        70       1  COMMON      1
                bssBANK1                       0000A0  00000E  0000AE        A0       1  BANK1       1


UNUSED ADDRESS RANGES

        Name                Unused          Largest block    Delta
        BANK0            006F-006F              1           1
        BANK1            00AE-00BF             12           1
        COMMON           007C-007D              2           1
        IDLOC            2000-2003              4           2
        RAM              006F-006F              1           1
                         00AE-00BF             12
        SFR0             0000-001F             20           1
        SFR1             0080-009F             20           1

                                  Symbol Table

_MAX7219_Setup           text19       0000
__H__absolute__          __absolute__ 0000
__Habs1                  abs1         0000
__Hbank0                 bank0        0000
__Hbank1                 bank1        0000
__Hclrtext               clrtext      0000
__Hcode                  code         0000
__Hcommon                common       0000
__Heeprom_data           eeprom_data  0000
__Hfunctab               functab      0000
__Hmaintext              maintext     0000
__Hpowerup               powerup      0000
__Hram                   ram          0000
__Hsfr0                  sfr0         0000
__Hsfr1                  sfr1         0000
__Hspace_2               (abs)        0000
__Hspace_3               (abs)        0000
__Hstack                 stack        0000
__Hstrings               strings      0000
__Htext                  text         0000
__L__absolute__          __absolute__ 0000
__Labs1                  abs1         0000
__Lbank0                 bank0        0000
__Lbank1                 bank1        0000
__Lclrtext               clrtext      0000
__Lcode                  code         0000
__Lcommon                common       0000
__Lconfig                config       0000
__Leeprom_data           eeprom_data  0000
__Lfunctab               functab      0000
__Lmaintext              maintext     0000
__Lpowerup               powerup      0000
__Lram                   ram          0000
__Lreset_vec             reset_vec    0000
__Lsfr0                  sfr0         0000
__Lsfr1                  sfr1         0000
__Lspace_0               (abs)        0000
__Lspace_1               (abs)        0000
__Lspace_2               (abs)        0000
__Lspace_3               (abs)        0000
__Lspace_4               (abs)        0000
__Lstack                 stack        0000
__Lstrings               strings      0000
__Ltext                  text         0000
___int_sp                stack        0000
___latbits               (abs)        0000
___sp                    stack        0000
___stackhi               (abs)        0000
___stacklo               (abs)        0000
__ptext19                text19       0000
intlevel0                functab      0000
intlevel1                functab      0000
intlevel2                functab      0000
intlevel3                functab      0000
intlevel4                functab      0000
intlevel5                functab      0000
reset_vec                reset_vec    0000
_TMR0                    (abs)        0001
__Hreset_vec             reset_vec    0001
_PORTAbits               (abs)        0005
_PORTCbits               (abs)        0007
__Lintentry              intentry     0004
__pintentry              intentry     0004
interrupt_function       intentry     0004
_INTCONbits              (abs)        000B
__Hinit                  init         000A
__Hintentry              intentry     000A
__Lend_init              end_init     000A
__Linit                  init         000A
start                    init         000A
__Hend_init              end_init     000C
__Lcinit                 cinit        000C
__initialization         cinit        000C
start_initialization     cinit        000C
?___awtoft               cstackBANK0  0020
?___lwtoft               cstackBANK0  0020
___aldiv@counter         cstackBANK0  0020
___awtoft@c              cstackBANK0  0020
___lldiv@quotient        cstackBANK0  0020
___llmod@counter         cstackBANK0  0020
___lmul@product          cstackBANK0  0020
___lwtoft@c              cstackBANK0  0020
__pcstackBANK0           cstackBANK0  0020
___aldiv@sign            cstackBANK0  0021
display_digit@digit_X    cstackBANK0  0021
___aldiv@quotient        cstackBANK0  0022
?___ftmul                cstackBANK0  0023
___ftmul@f1              cstackBANK0  0023
display_digit@val        cstackBANK0  0023
?___lltoft               cstackBANK0  0024
___lldiv@counter         cstackBANK0  0024
___lltoft@c              cstackBANK0  0024
?_millis                 cstackBANK0  0025
display_num@val          cstackBANK0  0025
___ftmul@f2              cstackBANK0  0026
___lltoft@exp            cstackBANK0  0028
___lwtoft                text14       0014
__end_of_MAX7219_Setup   text19       0014
__ptext14                text14       0014
display_num@i            cstackBANK0  0029
millis@result            cstackBANK0  0029
___ftmul@exp             cstackBANK0  002C
___ftmul@f3_as_product   cstackBANK0  002D
___ftmul@cntr            cstackBANK0  0030
__end_of__initialization cinit        0018
end_of_initialization    cinit        0018
___ftmul@sign            cstackBANK0  0031
?___ftadd                cstackBANK0  0032
___ftadd@f1              cstackBANK0  0032
__Hcinit                 cinit        001A
__pmaintext              maintext     001A
_main                    maintext     001A
___ftadd@f2              cstackBANK0  0035
___ftadd@sign            cstackBANK0  003B
___ftadd@exp2            cstackBANK0  003C
___ftadd@exp1            cstackBANK0  003D
?___fttol                cstackBANK0  003E
___fttol@f1              cstackBANK0  003E
___fttol@sign1           cstackBANK0  0045
___fttol@lval            cstackBANK0  0046
___awtoft                text8        0024
__end_of___lwtoft        text14       0024
__ptext8                 text8        0024
___fttol@exp1            cstackBANK0  004A
?_micros                 cstackBANK0  004B
micros@result            cstackBANK0  004F
___ftge@ff1              cstackBANK0  0053
___ftge@ff2              cstackBANK0  0056
_main$624                cstackBANK0  0065
main@dir                 cstackBANK0  0069
__pbssBANK0              bssBANK0     006A
_prevTime_LED            bssBANK0     006A
_speedRPM                bssBANK0     006C
__pdataBANK0             dataBANK0    006E
_resolution_i            dataBANK0    006E
__pcstackCOMMON          cstackCOMMON 0070
?___aldiv                cstackCOMMON 0072
?___ftpack               cstackCOMMON 0072
?___lldiv                cstackCOMMON 0072
?___llmod                cstackCOMMON 0072
?___lmul                 cstackCOMMON 0072
?___wmul                 cstackCOMMON 0072
SPI_send@data            cstackCOMMON 0072
___aldiv@divisor         cstackCOMMON 0072
___ftpack@arg            cstackCOMMON 0072
___lbmod@divisor         cstackCOMMON 0072
___lldiv@divisor         cstackCOMMON 0072
___llmod@divisor         cstackCOMMON 0072
___lmul@multiplier       cstackCOMMON 0072
___wmul@multiplier       cstackCOMMON 0072
SPI_send@addr            cstackCOMMON 0074
___wmul@multiplicand     cstackCOMMON 0074
SPI_send@i               cstackCOMMON 0075
___ftpack@exp            cstackCOMMON 0075
___lbmod@dividend        cstackCOMMON 0075
___aldiv@dividend        cstackCOMMON 0076
___ftpack@sign           cstackCOMMON 0076
___lbmod@counter         cstackCOMMON 0076
___lldiv@dividend        cstackCOMMON 0076
___llmod@dividend        cstackCOMMON 0076
___lmul@multiplicand     cstackCOMMON 0076
___wmul@product          cstackCOMMON 0076
___lbmod@rem             cstackCOMMON 0077
___awtoft@sign           cstackCOMMON 007A
__HcstackBANK0           cstackBANK0  007E
__HcstackCOMMON          cstackCOMMON 007E
__LcstackBANK0           cstackBANK0  007E
__LcstackCOMMON          cstackCOMMON 007E
__end_of___awtoft        text8        003F
btemp                    (abs)        007E
clear_ram0               clrtext      003F
saved_w                  (abs)        007E
wtemp0                   (abs)        007E
_OPTION_REGbits          (abs)        0081
_TRISCbits               (abs)        0087
__BbitbssCOMMON          bitbssCOMMON 008E
__HbssBANK0              bssBANK0     008E
__HbssBANK1              bssBANK1     008E
__HdataBANK0             dataBANK0    008E
__HidataBANK0            idataBANK0   008E
__LbssBANK0              bssBANK0     008E
__LbssBANK1              bssBANK1     008E
__LdataBANK0             dataBANK0    008E
__LidataBANK0            idataBANK0   008E
_ANSEL                   (abs)        0091
_IOCAbits                (abs)        0096
ButtonBounce@Button_f    bssBANK1     00A0
_TimePeriod              bssBANK1     00A8
__S1                     (abs)        00AE
___ftadd                 text7        01E9
_LED_state               bitbssCOMMON 03D9
__Hspace_1               (abs)        03DB
__HbitbssCOMMON          bitbssCOMMON 0470
__LbitbssCOMMON          bitbssCOMMON 0470
___ftmul                 text6        02E2
___aldiv                 text18       0385
__pbssBANK1              bssBANK1     00A0
_millisCount             bssBANK1     00A4
_prevTime_button         bssBANK1     00AC
__end_of_main            maintext     01E9
__ptext7                 text7        01E9
__pbitbssCOMMON          bitbssCOMMON 03D8
_button_pressed          bitbssCOMMON 03D8
_int_F                   bitbssCOMMON 03DA
__end_of___ftadd         text7        02E2
__ptext6                 text6        02E2
__end_of___ftmul         text6        0385
__ptext18                text18       0385
__Hspace_0               (abs)        0800
__S0                     (abs)        0800
___fttol                 text5        0412
__end_of___aldiv         text18       0412
__ptext5                 text5        0412
___ftpack                text15       0489
__end_of___fttol         text5        0489
__ptext15                text15       0489
___lldiv                 text12       04F5
__end_of___ftpack        text15       04F5
__ptext12                text12       04F5
_ButtonBounce            text21       0554
__end_of___lldiv         text12       0554
__ptext21                text21       0554
__end_of_ButtonBounce    text21       05AC
__ptext2                 text2        05AC
_micros                  text2        05AC
___llmod                 text11       0603
__end_of_micros          text2        0603
__ptext11                text11       0603
__end_of___llmod         text11       064F
__ptext9                 text9        064F
_display_num             text9        064F
_SPI_send                text20       0699
__end_of_display_num     text9        0699
__ptext20                text20       0699
___lmul                  text3        06E1
__end_of_SPI_send        text20       06E1
__ptext3                 text3        06E1
___ftge                  text17       0723
__end_of___lmul          text3        0723
__ptext17                text17       0723
__end_of___ftge          text17       0750
__ptext1                 text1        0750
_millis                  text1        0750
___lltoft                text4        0775
__end_of_millis          text1        0775
__ptext4                 text4        0775
___wmul                  text13       079A
__end_of___lltoft        text4        079A
__ptext13                text13       079A
_ISR_function            text22       07BB
__end_of___wmul          text13       07BB
__ptext22                text22       07BB
___lbmod                 text16       07DB
__end_of_ISR_function    text22       07DB
__ptext16                text16       07DB
__end_of___lbmod         text16       07FA
__ptext10                text10       07FA
_display_digit           text10       07FA
__end_of_display_digit   text10       07FF
__pidataBANK0            idataBANK0   07FF
__Hspace_4               (abs)        400F
__Hconfig                config       2008
